<html>
<body>
<pre>
<h1>µVision Build Log</h1>
<h2>Project:</h2>
D:\Publications\Books_BookChapters\MPS_Book\Software\Book_CD\Chapter9\Example1\Example1.uvproj
Project File Date:  04/20/2018

<h2>Output:</h2>
Build target 'Target 1'
linking...
Program Size: Code=1196 RO-data=16 RW-data=0 ZI-data=1120  
".\Example1.axf" - 0 Errors, 0 Warning(s).
Load "D:\\Publications\\Books_BookChapters\\MPS_Book\\Software\\Book_CD\\Chapter9\\Example1\\Example1.axf" 
Connecting: Mode=JTAG, Speed=1000000Hz
Connection failed!, error code=&d
Build target 'Target 1'
linking...
Program Size: Code=1196 RO-data=16 RW-data=0 ZI-data=1120  
".\Example1.axf" - 0 Errors, 0 Warning(s).
Build target 'Target 1'
linking...
Program Size: Code=1196 RO-data=16 RW-data=0 ZI-data=1120  
".\Example1.axf" - 0 Errors, 0 Warning(s).
Build target 'Target 1'
compiling example9_1.c...
linking...
Program Size: Code=1236 RO-data=32 RW-data=4 ZI-data=1124  
".\Example1.axf" - 0 Errors, 0 Warning(s).
Build target 'Target 1'
linking...
Program Size: Code=1236 RO-data=32 RW-data=4 ZI-data=1124  
".\Example1.axf" - 0 Errors, 0 Warning(s).
